
> frontend@0.0.0 build
> tsc -b && vite build

src/pages/admin/AdminDashboard.tsx(54,63): error TS2345: Argument of type 'string | undefined' is not assignable to parameter of type 'string'.
  Type 'undefined' is not assignable to type 'string'.
